>>> Starting Agent Boot Sequence...
[1/6] Checking User Account               [OK]
   ... Running as service user 'analyst' (uid=1000)
[2/6] Verifying Environment Variables     [OK]
   ... All required Envs correct
[3/6] Checking Required Files             [OK]
   ... Verified 'secret.key' with correct key string.
[4/6] Checking Port Availability          [OK]
   ... Port 15034 is available.
[5/6] Verifying Log Permission            [OK]
   ... Log directory is writable: /workspace/artifacts/cpu/after-01/app-logs
[6/6] Verifying Mission Environment       [OK]
   ... MEMORY_LIMIT=512MB, CPU_MAX_OCCUPY=10%, MULTI_THREAD_ENABLE=False
------------------------------------------------------------
All Boot Checks Passed!
Agent READY
2026-07-19 08:54:04,843 [INFO] [SafetyGuard] Process priority lowered (nice=10).
2026-07-19 08:54:04,843 [INFO] Agent listening at port 15034

==================================================
 [ Agent Initiate ] Resource Check 
==================================================
 [ MEMORY ] Limit: 512MB 		[ OK ]
 [ CPU    ] Limit: 10%  		[ OK ]
 [ THREAD ] Concurrency: False 		[ OK ]
--------------------------------------------------
 >>> SYSTEM STATUS: STABLE. STARTING WORKLOAD MONITORING...
==================================================

2026-07-19 08:54:06,844 [INFO] >>> Scenario Selected: [Healthy System Monitoring]

>>> [SYSTEM] ALL CONFIGURATIONS OPTIMAL. RUNNING STABILITY TEST... <<<

2026-07-19 08:54:06,845 [INFO] [Scheduler] Task Scheduler Initialized.
2026-07-19 08:54:06,845 [INFO] [Scheduler] Registered Tasks: ['Thread-A', 'Thread-B', 'Thread-C']
2026-07-19 08:54:06,846 [INFO] [Scheduler] Starting task execution...
2026-07-19 08:54:06,846 [INFO] [Thread-A] Task Started. Calculating... (20%)
2026-07-19 08:54:06,899 [INFO] [Thread-A] Calculating... (40%)
2026-07-19 08:54:06,952 [INFO] [Thread-A] Calculating... (60%)
2026-07-19 08:54:07,009 [INFO] [Thread-A] Calculating... (80%)
2026-07-19 08:54:07,062 [INFO] [Thread-A] Task Completed. (100%)
2026-07-19 08:54:07,120 [INFO] [Thread-B] Task Started. Calculating... (20%)
2026-07-19 08:54:07,177 [INFO] [Thread-B] Calculating... (40%)
2026-07-19 08:54:07,232 [INFO] [Thread-B] Calculating... (60%)
2026-07-19 08:54:07,288 [INFO] [Thread-B] Calculating... (80%)
2026-07-19 08:54:07,340 [INFO] [Thread-B] Task Completed. (100%)
2026-07-19 08:54:07,393 [INFO] [Thread-C] Task Started. Calculating... (20%)
2026-07-19 08:54:07,446 [INFO] [Thread-C] Calculating... (40%)
2026-07-19 08:54:07,502 [INFO] [Thread-C] Calculating... (60%)
2026-07-19 08:54:07,555 [INFO] [Thread-C] Calculating... (80%)
2026-07-19 08:54:07,613 [INFO] [Thread-C] Task Completed. (100%)
2026-07-19 08:54:07,667 [INFO] [Scheduler] All tasks completed.
2026-07-19 08:54:07,673 [INFO] [MemoryWorker] Current Heap: 25MB
2026-07-19 08:54:07,674 [INFO] [CpuWorker] Started. Maximum CPU Limit: 10%
2026-07-19 08:54:07,675 [INFO] [CpuWorker] Current Load: 5.00%
2026-07-19 08:54:09,796 [INFO] [CpuWorker] Peak reached (10.00%). Starting cooldown...
2026-07-19 08:54:10,702 [INFO] [MemoryWorker] Current Heap: 50MB
2026-07-19 08:54:10,803 [INFO] [CpuWorker] Current Load: 10.00%
2026-07-19 08:54:13,734 [INFO] [MemoryWorker] Current Heap: 75MB
2026-07-19 08:54:13,926 [INFO] [CpuWorker] Current Load: 7.18%
2026-07-19 08:54:16,041 [INFO] [CpuWorker] Cooldown complete (5.00%). Resuming load increase...
2026-07-19 08:54:16,758 [INFO] [MemoryWorker] Current Heap: 100MB
2026-07-19 08:54:17,053 [INFO] [CpuWorker] Current Load: 5.00%
2026-07-19 08:54:19,789 [INFO] [MemoryWorker] Current Heap: 125MB
2026-07-19 08:54:20,182 [INFO] [CpuWorker] Current Load: 9.32%
2026-07-19 08:54:22,305 [INFO] [CpuWorker] Peak reached (10.00%). Starting cooldown...
2026-07-19 08:54:22,821 [INFO] [MemoryWorker] Current Heap: 150MB
2026-07-19 08:54:23,317 [INFO] [CpuWorker] Current Load: 10.00%
2026-07-19 08:54:25,437 [INFO] [CpuWorker] Cooldown complete (5.00%). Resuming load increase...
2026-07-19 08:54:25,850 [INFO] [MemoryWorker] Current Heap: 175MB
2026-07-19 08:54:26,446 [INFO] [CpuWorker] Current Load: 5.00%
2026-07-19 08:54:28,562 [INFO] [CpuWorker] Peak reached (10.00%). Starting cooldown...
2026-07-19 08:54:28,878 [INFO] [MemoryWorker] Current Heap: 200MB
2026-07-19 08:54:29,572 [INFO] [CpuWorker] Current Load: 10.00%
2026-07-19 08:54:31,909 [INFO] [MemoryWorker] Current Heap: 225MB
2026-07-19 08:54:32,697 [INFO] [CpuWorker] Current Load: 6.14%
2026-07-19 08:54:34,938 [INFO] [MemoryWorker] Current Heap: 250MB
2026-07-19 08:54:35,823 [INFO] [CpuWorker] Current Load: 5.89%
2026-07-19 08:54:37,941 [INFO] [CpuWorker] Cooldown complete (5.00%). Resuming load increase...
2026-07-19 08:54:37,965 [INFO] [MemoryWorker] Current Heap: 275MB
2026-07-19 08:54:38,952 [INFO] [CpuWorker] Current Load: 5.00%
2026-07-19 08:54:40,996 [INFO] [MemoryWorker] Current Heap: 300MB
2026-07-19 08:54:41,073 [INFO] [CpuWorker] Peak reached (10.00%). Starting cooldown...
2026-07-19 08:54:42,084 [INFO] [CpuWorker] Current Load: 10.00%
2026-07-19 08:54:44,028 [INFO] [MemoryWorker] Current Heap: 325MB
2026-07-19 08:54:44,205 [INFO] [CpuWorker] Cooldown complete (5.00%). Resuming load increase...
2026-07-19 08:54:45,217 [INFO] [CpuWorker] Current Load: 5.00%
2026-07-19 08:54:47,059 [INFO] [MemoryWorker] Current Heap: 350MB
2026-07-19 08:54:48,350 [INFO] [CpuWorker] Current Load: 6.19%
2026-07-19 08:54:50,085 [INFO] [MemoryWorker] Current Heap: 375MB
2026-07-19 08:54:50,473 [INFO] [CpuWorker] Peak reached (10.00%). Starting cooldown...
