>>> Starting Agent Boot Sequence...
[1/6] Checking User Account               [OK]
   ... Running as service user 'analyst' (uid=1000)
[2/6] Verifying Environment Variables     [OK]
   ... All required Envs correct
[3/6] Checking Required Files             [OK]
   ... Verified 'secret.key' with correct key string.
[4/6] Checking Port Availability          [OK]
   ... Port 15034 is available.
[5/6] Verifying Log Permission            [OK]
   ... Log directory is writable: /workspace/artifacts/oom/after-01/app-logs
[6/6] Verifying Mission Environment       [OK]
   ... MEMORY_LIMIT=256MB, CPU_MAX_OCCUPY=10%, MULTI_THREAD_ENABLE=False
------------------------------------------------------------
All Boot Checks Passed!
Agent READY
2026-07-19 08:36:41,517 [INFO] [SafetyGuard] Process priority lowered (nice=10).
2026-07-19 08:36:41,517 [INFO] Agent listening at port 15034

==================================================
 [ Agent Initiate ] Resource Check 
==================================================
 [ MEMORY ] Limit: 256MB 		[ WARNING: Recommend Over 256MB ]
 [ CPU    ] Limit: 10%  		[ OK ]
 [ THREAD ] Concurrency: False 		[ OK ]
--------------------------------------------------
 >>> SYSTEM STATUS: STABLE. STARTING WORKLOAD MONITORING...
==================================================

2026-07-19 08:36:43,534 [INFO] [MemoryWorker] Current Heap: 25MB
2026-07-19 08:36:46,555 [INFO] [MemoryWorker] Current Heap: 50MB
2026-07-19 08:36:49,561 [INFO] [MemoryWorker] Current Heap: 75MB
2026-07-19 08:36:52,583 [INFO] [MemoryWorker] Current Heap: 100MB
2026-07-19 08:36:55,609 [INFO] [MemoryWorker] Current Heap: 125MB
2026-07-19 08:36:58,616 [INFO] [MemoryWorker] Current Heap: 150MB
2026-07-19 08:37:01,641 [INFO] [MemoryWorker] Current Heap: 175MB
2026-07-19 08:37:04,666 [INFO] [MemoryWorker] Current Heap: 200MB
2026-07-19 08:37:07,691 [INFO] [MemoryWorker] Current Heap: 225MB
2026-07-19 08:37:10,715 [INFO] [MemoryWorker] Current Heap: 250MB
2026-07-19 08:37:13,741 [INFO] [MemoryWorker] Current Heap: 275MB
2026-07-19 08:37:13,741 [CRITICAL] [MemoryGuard] Memory limit exceeded (275MB >= 256MB) / (Recommend Over 256MB)
2026-07-19 08:37:13,742 [CRITICAL] [MemoryGuard] Self-terminating process 5619 to prevent system instability.
